[    0.0000] Initializing cgoususys cpuset
[    0.000000] Initializing cgroup subsys cpu
[    0.000000] Initializing cgroup subsys cpuacct
[    0.000000] Linux version 4.4.0-133-generic (buildd@lcy01-amd64-019) (gcc version 5.4.0 20160609 (Ubuntu 5.4.0-6ubuntu1~16.04.10) ) #159-Ubuntu SMP Fri Aug 10 07:26:31 UTC 2018 (Ubuntu 4.4.0-133.159-generic 4.4.134)
[    0.000000] KERNEL supported cpus:
[    0.000000]   Intel GenuineIntel
[    0.000000]   AMD AuthenticAMD
[    0.000000]   NSC Geode by NSC
[    0.000000]   Cyrix CyrixInstead
[    0.000000]   Centaur CentaurHauls
[    0.000000]   Transmeta GenuineTMx86
[    0.000000]   Transmeta TransmetaCPU
[    0.000000]   UMC UMC UMC UMC
[    0.000000] x86/fpu: Supporting XSAVE feature 0x01: 'x87 floating point registers'
[    0.000000] x86/fpu: Supporting XSAVE feature 0x02: 'SSE registers'
[    0.000000] x86/fpu: Enabled xstate features 0x3, context size is 576 bytes, using 'standard' format.
[    0.000000] x86/fpu: Using 'eager' FPU context switches.
[    0.000000] e820: BIOS-provided physical RAM map:
[    0.000000] BIOS-e820: [mem 0x0000000000000000-0x000000000009fbff] usable
[    0.000000] BIOS-e820: [mem 0x000000000009fc00-0x000000000009ffff] reserved
[    0.000000] BIOS-e820: [mem 0x00000000000f0000-0x00000000000fffff] reserved
[    0.000000] BIOS-e820: [mem 0x0000000000100000-0x000000003ffeffff] usable
[    0.000000] BIOS-e820: [mem 0x000000003fff0000-0x000000003fffffff] ACPI data
[    0.000000] BIOS-e820: [mem 0x00000000fec0000-0x00000000fec00fff] reserved
[    0.000000] BIOS-e820: [mem 0x00000000fee00000-0x00000000fee00fff] reserved
[    0.000000] BIOS-e820: [mem 0x00000000fffc0000-0x00000000ffffffff] reserved
[    0.000000] NX (Execute Disable) protection: active
[    0.000000] SMBIOS 2.5 present.
[    0.000000] Hypervisor detected: KVM
[    0.000000] e820: last_pfn = 0x3fff0 max_arch_pfn = 0x1000000
[    0.000000] MTRR: Disabled
[    0.000000] x86/PAT: MTRRs disabled, skipping PAT initialization too.
[    0.000000] CPU MTRRs all blank - virtualized system.
[    0.000000] x86/PAT: Configuration [0-7]: WB  WT  UC- UC  WB  WT  UC- UC  
[    0.000000] found SMP MP-table at [mem 0x0009fff0-0x0009ffff] mapped at [c009fff0]
[    0.000000] Scanning 1 areas for low memory corruption
[    0.000000] RAMDISK: [mem 0x3631c000-0x37185fff]
[    0.000000] ACPI: Early table checksum verification disabled
[    0.000000] ACPI: RSDP 0x00000000000E0000 000024 (v02 VBOX  )
[    0.000000] ACPI: XSDT 0x000000003FFF0030 00003C (v01 VBOX   VBOXXSDT 00000001 ASL  00000061)
[    0.000000] ACPI: FACP 0x000000003FFF00F0 0000F4 (v04 VBOX   VBOXFACP 00000001 ASL  00000061)
[    0.000000] ACPI: DSDT 0x000000003FFF0470 0021FF (v02 VBOX   VBOXBIOS 00000002 INTL 20100528)
[    0.000000] ACPI: FACS 0x000000003FFF0200 000040
[    0.000000] ACPI: FACS 0x000000003FFF0200 000040
[    0.000000] ACPI: APIC 0x000000003FFF0240 00005C (v02 VBOX   VBOXAPIC 00000001 ASL  00000061)
[    0.000000] ACPI: SSDT 0x000000003FFF02A0 0001CC (v01 VBOX   VBOXCPUT 00000002 INTL 20100528)
[    0.000000] 131MB HIGHMEM available.
[    0.000000] 891MB LOWMEM available.
[    0.000000]   mapped low ram: 0 - 37bfe000
[    0.000000]   low ram: 0 - 37bfe000
[    0.000000] kvm-clock: Using msrs 4b564d01 and 4b564d00
[    0.000000] kvm-clock: cpu 0, msr 0:37bfd001, primary cpu clock
[    0.000000] kvm-clock: using sched offset of 3963809953 cycles
[    0.000000] clocksource: kvm-clock: mask: 0xffffffffffffffff max_cycles: 0x1cd42e4dffb, max_idle_ns: 881590591483 ns
[    0.000000] Zone ranges:
[    0.000000]   DMA      [mem 0x0000000000001000-0x0000000000ffffff]
[    0.000000]   Normal   [mem 0x0000000001000000-0x0000000037bfdfff]
[    0.000000]   HighMem  [mem 0x0000000037bfe000-0x000000003ffeffff]
[    0.000000] Movable zone start for each node
[    0.000000] Early memory node ranges
[    0.000000]   node   0: [mem 0x0000000000001000-0x000000000009efff]
[    0.000000]   node   0: [mem 0x0000000000100000-0x000000003ffeffff]
[    0.000000] Initmem setup node 0 [mem 0x0000000000001000-0x000000003ffeffff]
[    0.000000] Using APIC driver default
[    0.000000] ACPI: PM-Timer IO Port: 0x4008
[    0.000000] IOAPIC[0]: apic_id 2, version 32, address 0xfec00000, GSI 0-23
[    0.000000] ACPI: INT_SRC_OVR (bus 0 bus_irq 0 global_irq 2 dfl dfl)
[    0.000000] ACPI: INT_SRC_OVR (bus 0 bus_irq 9 global_irq 9 low level)
[    0.000000] Using ACPI (MADT) for SMP configuration information
[  000000] smpboot: Allowing 2 CPUs, 0 hotplug CPUs
[    0.000000] PM: Registered nosave memory: [mem 0x00000000-0x00000fff]
[    0.000000] PM: Registered nosave memory: [mem 0x0009f000-0x0009ffff]
[    0.000000] PM: Registered nosave memory: [mem 0x000a0000-0x000effff]
[    0.000000] PM: Registered nosave memory: [mem 0x000f0000-0x000fffff]
[    0.000000] e820: [mem 0x40000000-0xfebfffff] available forPCdevices
    0000] Booting paravirtualized kernel on KVM
[    0.000000] clocksource: refined-jiffies: mask: 0xffffffff max_cycles: 0xffffffff, max_idle_ns: 7645519600211568 ns
[    0.000000] setup_percpu: NR_CPUS:8 nr_cpumask_bits:8 nr_cpu_ids:2 nr_node_ids:1
[    0.000000] PERCPU: Embedded 19 pages/cpu @f71b0000 s47436 r0 d30388 u77824
[    0.000000] PV qspinloock hash table entries: 512 (order: 0, 4096 bytes)
[    0.000000] Built 1 zonelists in Zone order, mobility grouping on.  Total pages: 259800
[    0.000000] Kernel command line: BOOT_IMAGE=/boot/vmlinuz-4.4.0-133-generic root=LABEL=cloudimg-rootfs ro console=tty1 console=ttyS0
[    0.000000] PID hash table entries: 4096 (order: 2, 16384 bytes)
[    0.000000] Dentr cache hash table entries: 131072 (order: 7, 524288 bytes)
[    0.000000] Inode-cache hash table entries: 65536 (order: 6, 262144 bytes)
[    0.000000] Initializing CPU#0
[    0.000000] Initializing HighMem for node 0 (00037bfe:0003fff0)
[    0.000000] Initializing Movable for node 0 (00000000:00000000)
[    0.000000] Memory: 1008060K/1048120K available (8037K kernel code, 778K rwdata, 3180K rodata, 952K init, 800K bss, 40060K reserved, 0K cma-reserved, 135112K highmem)
[    0.000000] virtual kernel memory layout:
[    0.000000]     fixmap  : 0xfff15000 - 0xfffff000   ( 936 kB)
[    0.000000]     pkmap   : 0xffc00000 - 0xffe00000   (2048 kB)
[    0.000000]     vmalloc : 0xf83fe000 - 0xffbfe000   ( 120 MB)
[    0.000000]     lowmem  : 0xc0000000 - 0xf7bfe000   ( 891 MB)
[    0.000000]       .init : 0xc1bba000 - 0xc1ca8000   ( 952 kB)
[    0.000000]       .data : 0xc17d9aa8 - 0xc1bb8a00   (3963 kB)
[    0.000000]       .text : 0xc1000000 - 0xc17d9aa8   (8038 kB)
[    0.000000] Checking if this processor honours the WP bit even in supervisor mode...Ok.
[    0.000000] SLUB: HWalign=64, Order=0-3, MinObjects=0, CPUs=2, Nodes=1
[    0.000000] Hierarchical RCU implementation.
[    0.000000] 	Build-time adjustment of leaf fanout to 32.
[    0.000000] 	RCU restricting CPUs from NR_CPUS=8 to nr_cpu_ids=2.
[    0.000000] RCU: Adjusting geometry for rcu_fanout_leaf=32, nr_cpu_ids=2
[    0.000000] NR_IRQS:2304 nr_irqs:440 16
[    0.000000] Console: colour VGA+ 80x25
[    0.000000] console [tty1] enabled
[    0.000000] console [ttyS0] enabled
[    0.000000] allocate 1048576bys f page_ext
[    0.000000] tsc: Detected 3504.002 MHz processor
[    0.503819] Calibrating delay loop (skipped) preset value.. 7008.00 BogoMIPS (lpj=14016008)
[    0.505194] pid_max: default: 32768 minimum: 301
[    0.505882] ACPI: Core revision 20150930
[    0.507244] ACPI: 2 ACPI AML tables successfully acquired and loaded
[    0.508251] Security Framework initialized
[    0.508873] Yama: becoming mindful.
[    0.509447] AppArmor: AppArmor initialized
[    0.510086] Mount-cache hash table entries: 2048 (order: 1, 8192 bytes)
[    0.510960] Mountpoint-cache hash table entries: 2048 (order: 1, 8192 bytes)
[    0.512009] Initializing cgroup subsys io
[    0.512627] Initializing cgroup subsys memory
[    0.513276] Initializing cgroup subsys devices
[    0.513930] Initializing cgroup subsys freezer
[    0.514611] Initializing cgroup subsys net_cls
[    0.515424] Initializing cgroup subsys perf_event
[    0.516340] Initializing cgroup subsys net_prio
[    0.517199] Initializing cgroup subsys hugetlb
[    0.518007] Initializing cgroup subsys pids
[    0.520763] mce: CPU supports 0 MCE banks
[   .521513] Last level iTLB entries: 4KB 64, 2MB 8, 4MB 8
[    0.577450] Last level dTLB entries: 4KB 64, 2MB 0, 4MB 0, 1GB 4
[    0.589273] Spectre V2 : Mitigation: Full generic retpoline
[    0.590057] Spectre V2 : Speculation control IBPB not-supported IBRS not-supported
[    0.591026] Spectre V2 : Filling RSB on context switch
[    0.591988] Speculative Store Bypass: Vulnerable
[    0.595400] Freeing SMP alternatives memory: 32K
[    0.602773] ftrace: allocating 31536 entries in 62 pages
[    0.653561] smpboot: APIC(0) Converting physical 0 to logical package 0
[    0.661516] smpboot: Max logical packages: 1
[    0.662206] Enabling APIC mode:  Flat.  Using 1 I/O APICs
[    0.663974] ..TIMER: vector=0x30 apic1=0 pin1=2 apic2=-1 pin2=-1
[    0.772040] smpboot: CPU0: Intel(R) Pentium(R) CPU G4560 @ 3.50GHz (family: 0x6, model: 0x9e, stepping: 0x9)
[    0.856333] Performance Events: unsupported p6 CPU model 158 no PMU driver, software events only.
[    0.870292] KVM setup paravirtual spinlock
[    0.921485] x86: Booting SMP configuration:
[    0.935603] .... node  #0, CPUs:      #1
[1266874885.745741] Initializing CPU#1
[    0.978738] kvm-clock: cpu 1, msr 0:37bfd041, secondary cpu clock
[    0.981446] mce: CPU supports 0 MCE banks
[    0.983932] x86: Booted up 1 node, 2 CPUs
[    1.015724] smpboot: Total of 2 processors activated (14016.00 BogoMIPS)
[    1.035684] devtmpfs: initialized
[    1.077323] evm: security.selinux
[    1.119891] evm: security.SMACK64
[    1.152771] evm: security.SMACK64EXEC
[    1.171712] evm: security.SMACK64TRANSMUTE
[    1.172533] evm: security.SMACK64MMAP
[    1.187623] evm: security.ima
[    1.198169] evm: security.capability
[    1.231280] clocksource: jiffies: mask: 0xffffffff max_cycles: 0xffffffff, max_idle_ns: 7645041785100000 ns
[    1.266664] futex hash table entries: 512 (order: 3, 32768 bytes)
[    1.289069] pinctrl core: initialized pinctrl subsystem
[    1.297921] RTC time: 14:35:19, date: 08/23/18
[    1.298828] NET: Registered protocol family 16
[    1.299629] EISA bus registered
[    1.308218] cpuidle: using governor ladder
[    1.319987] cpuidle: using governor menu
[    1.320668] PCCT header not found.
[    1.321407] ACPI: bus type PCI registered
[    1.322036] acpiphp: ACPI Hot Plug PCI Controller Driver version: 0.5
[    1.323094] PCI : PCI BIOS area is rw and x. Use pci=nobios if you want it NX.
[    1.324217] PCI: PCI BIOS revision 2.10 entry at 0xfda26, last bus=0
[    1.325087] PCI: Using configuration type 1 for base access
[    1.340404] ACPI: Added _OSI(Module Device)
[    1.352598] ACPI: Added _OSI(Processor Device)
[    1.359867] ACPI: Added _OSI(3.0 _SCP Extensions)
[    1.360693] ACPI: Added _OSI(Processor Aggregator Device)
[    1.362081] ACPI: Executed 1 blocks of module-level executable AML code
[    1.364577] ACPI: Interpreter enabled
[    1.365184] ACPI: (supports S0 S5)
[    1.365740] ACPI: Using IOAPIC for interrupt routing
[    1.366602] PCI: Using host bridge windows from ACPI; if necessary, use "pci=nocrs" and report a bug
[    1.371295] ACPI: PCI Root Bridge [PCI0] (domain 0000 [bus 00-ff])
[    1.392817] acpi PNP0A03:00: _OSC: OS supports [ASPM ClockPM Segments MSI]
[    1.399924] acpi PNP0A03:00: _OSC: not requesting OS control; OS requires [ExtendedConfig ASPM ClockPM MSI]
[    1.401418] acpi PNP0A03:00: fail to add MMCONFIG information, can't access extended PCI configuration space under this bridge.
[    1.403883] PCI host bridge to bus 0000:00
[    1.404643] pci_bus 0000:00: root bus resource [io  0x0000-0x0cf7 window]
[    1.405543] pci_bus 0000:00: root bus resource [io  0x0d00-0xffff window]
[    1.418044] pci_bus 0000:00: root bus resource [mem 0x000a0000-0x000bffff window]
[    1.419474] pci_bus 0000:00: root bus resource [mem 0x40000000-0xfdffffff window]
[    1.420809] pci_bus 0000:00: root bus resource [bus 00-ff]
[    1.427635] pci 0000:00:01.1: legacy IDE quirk: reg 0x10: [io  0x01f0-0x01f7]
[    1.435176] pci 0000:00:01.1: legacy IDE quirk: reg 0x14: [io  0x03f6]
[    1.436473] pci 0000:00:01.1: legacy IDE quirk: reg 0x18: [io  0x0170-0x0177]
[    1.437670] pci 0000:00:01.1: legacy IDE quirk: reg 0x1c: [io  0x0376]
[    1.462090] pci 0000:00:07.0: quirk: [io  0x4000-0x403f] claimed by PIIX4 ACPI
[    1.463526] pci 0000:00:07.0: quirk: [io  0x4100-0x410f] claimed by PIIX4 SMB
[    1.473111] ACPI: PCI Interrupt Link [LNKA] (IRQs 5 9 10 *11)
[    1.481466] ACPI: PCI Interrupt Link [LNKB] (IRQs 5 9 *10 11)
[    1.482810] ACPI: PCI Interrupt Link [LNKC] (IRQs 5 *9 10 11)
[    1.484188] ACPI: PCI Interrupt Link [LNKD] (IRQs 5 9 10 *11)
[    1.485720] ACPI: Enabled 2 GPEs in block 00 to 07
[    1.487042] vgaarb: setting as boot device: PCI:0000:00:02.0
[    1.488048] vgaarb: device added: PCI:0000:00:02.0,decodes=io+mem,owns=io+mem,locks=none
[    1.489522] vgaarb: loaded
[    1.496360] vgaarb: bridge control possible 0000:00:02.0
[    1.497533] SCSI subsystem initialized
[    1.498302] ACPI: bus type USB registered
[    1.498942] usbcore: registered new interface driver usbfs
[    1.499728] usbcore: registered new interface driver hub
[    1.500522] usbcore: registered new device driver usb
[    1.501495] PCI: Using ACPI for IRQ routing
[    1.505347] NetLabel: Initializing
[    1.505902] NetLabel:  domain hash size = 128
[    1.506559] NetLabel:  protocols = UNLABELED CIPSOv4
[    1.507276] NetLabel:  unlabeled traffic allowed by default
[    1.508263] amd_nb: Cannot enumerate AMD northbridges
[    1.509012] clocksource: Switched to clocksource kvm-clock
[    1.517869] AppArmor: AppArmor Filesystem Enabled
[    1.518655] pnp: PnP ACPI init
[    1.519819] pnp: PnP ACPI: found 3 devices
[    1.520472] PnPBIOS: Disabled by ACPI PNP
[    1.10] clocksource: acpi_pm: mask: 0xffffff max_cyces0xff, x_dlns2085701024 ns
[    1.959096] NET: Registered protocol family 2

[    1.959903] TCP established hash table entries: 8192 (order: 3, 32768 bytes)
[    1.960874] TCP bind hash table entries: 8192 (order: 4, 65536 bytes)
[    1.961767] TCP: Hash tables configured (established 8192 bind 8192)
[    1.962632] UDP hash table entries: 512 (order: 2, 16384 bytes)
[    1.963445] UDP-Lite hash table entries: 512 (order: 2, 16384 bytes)
[    1.964321] NET: Registered protocol family 1
[    1.964980] pci 0000:00:00.0: Limiting direct PCI/PCI transfers
[    1.965818] pci 0000:00:01.0: Activating ISA DMA hang workarounds
[    1.966754] Unpacking initramfs...

[    2.233541] Freeing initrd memory: 14760K
[    2.272063] platform rtc_cmos: registered platform RTC device (no PNP device found)
[    2.319434] Scanning for low memory corruption every 60 seconds
[    2.335713] audit: initializing netlink subsys (disabled)
[    2.372746] audit: type=2000 audit(1535034924.845:1): initialized
[    2.374606] Initialise system trusted keyring
[    2.375883] HugeTLB registered 2 MB page size, pre-allocated 0 pages
[    2.380407] zbud: loaded
[    2.381614] VFS: Disk quotas dquot_6.6.0
[    2.382971] VFS: Dquot-cache hash table entries: 1024 (order 0, 4096 bytes)
[    2.384727] squashfs: version 4.0 (2009/01/31) Phillip Lougher
[    2.386638] fuse init (API version 7.23)
[    2.387944] Key type big_key registered
[    2.388901] Allocating IMA MOK and blacklist keyrings.
[    2.395547] Key type asymmetric registered
[    2.397914] Asymmetric key parser 'x509' registered
[    2.398778] bounce: pool size: 64 pages
[    2.399514] Block layer SCSI generic (bsg) driver version 0.4 loaded (major 249)
[    2.406723] io scheduler noop registered
[    2.407367] io scheduler deadline registered (default)
[    2.408320] io scheduler cfq registered
[    2.409259] pci_hotplug: PCI Hot Plug PCI Core version: 0.5
[    2.410197] pciehp: PCI Express Hot Plug Controller Driver version: 0.4
[    2.411346] ACPI: AC Adapter [AC] (on-line)
[    2.417517] input: Power Button as /devices/LNXSYSTM:00/LNXPWRBN:00/input/input0
[    2.419004] ACPI: Power Button [PWRF]
[    2.419768] input: Sleep Button as /devices/LNXSYSTM:00/LNXSLPBN:00/input/input1
[    2.421074] ACPI: Sleep Button [SLPF]
[    2.421940] GHES: HEST is not enabled!
[    2.422576] isapnp: Scanning for PnP cards...
[    2.485420] Serial: 8250/16550 driver, 32 ports, IRQ sharing enabled
[    2.507999] 00:02: ttyS0 at I/O 0x3f8 (irq = 4, base_baud = 115200) is a 16550A
[    2.510827] Linux agpgart interface v0.103
[    2.513040] loop: module loaded
[    2.514276] scsi host0: ata_piix
[    2.515097] scsi host1: ata_piix
[    2.515766] ata1: PATA max UDMA/33 cmd 0x1f0 ctl 0x3f6 bmdma 0xd000 irq 14
[    2.516843] ata2: PATA max UDMA/33 cmd 0x170 ctl 0x376 bmdma 0xd008 irq 15
[    2.537849] libphy: Fixed MDIO Bus: probed
[    2.538587] tun: Universal TUN/TAP device driver, 1.6
[    2.539593] tun: (C) 1999-2004 Max Krasnyansky <maxk@qualcomm.com>
[    2.554010] PPP generic driver version 2.4.2
[    2.554729] ehci_hcd: USB 2.0 'Enhanced' Host Controller (EHCI) Driver
[    2.555641] ehci-pci: EHCI PCI platform driver
[    2.556327] ehci-platform: EHCI generic platform driver
[    2.566395] ohci_hcd: USB 1.1 'Open' Host Controller (OHCI) Driver
[    2.567309] ohci-pci: OHCI PCI platform driver
[    2.574880] ohci-platform: OHCI generic platform driver
[    2.575750] uhci_hcd: USB Universal Host Controller Interface driver
[    2.576721] i8042: PNP: PS/2 Controller [PNP0303:PS2K,PNP0f03:PS2M] at 0x60,0x64 irq 1,12
[    2.578583] serio: i8042 KBD port at 0x60,0x64 irq 1
[    2.579393] serio: i8042 AUX port at 0x60,0x64 irq 12
[    2.580333] mousedev: PS/2 mouse device common for all mice
[    2.581720] rtc_cmos rtc_cmos: rtc core: registered rtc_cmos as rtc0
[    2.582777] input: AT Translated Set 2 keyboard as /devices/platform/i8042/serio0/input/input2
[    2.584343] rtc_cmos rtc_cmos: alarms up to one day, 114 bytes nvram
[    2.585365] i2c /dev entries driver
[    2.586066] device-mapper: uevent: version 1.0.3
[    2.586923] device-mapper: ioctl: 4.34.0-ioctl (2015-10-28) initialised: dm-devel@redhat.com
[    2.588438] platform eisa.0: Probing EISA bus 0
[    2.595382] platform eisa.0: EISA: Cannot allocate resource for mainboard
[    2.603323] platform eisa.0: Cannot allocate resource for EISA slot 1
[    2.604326] platform eisa.0: Cannot allocate resource for EISA slot 2
[    2.605473] platform eisa.0: Cannot allocate resource for EISA slot 3
[    2.606426] platform eisa.0: Cannot allocate resource for EISA slot 4
[    2.607375] platform eisa.0: Cannot allocate resource for EISA slot 5
[    2.608324] platform eisa.0: Cannot allocate resource for EISA slot 6
[    2.609287] platform eisa.0: Cannot allocate resource for EISA slot 7
[    2.610304] platform eisa.0: Cannot allocate resource for EISA slot 8
[    2.611314] platform eisa.0: EISA: Detected 0 cards
[    2.612135] cpufreq-nforce2: No nForce2 chipset.
[    2.619847] ledtrig-cpu: registered to indicate activity on CPUs
[    2.641925] NET: Registered protocol family 10
[    2.642847] NET: Registered protocol family 17
[    2.643622] Key type dns_resolver registered
[    2.644494] Using IPI No-Shortcut mode
[    2.645271] registered taskstats version 1
[    2.646001] Loading compiled-in X.509 certificates
[    2.648459] Loaded X.509 cert 'Build time autogenerated kernel key: 4fba60174018a527bf3865a195c65e9d6f493f50'
[    2.650101] zswap: loaded using pool lzo/zbud
[    2.658872] Key type trusted registered
[    2.661402] Key type encrypted registered
[    2.662157] AppArmor: AppArmor sha1 policy hashing enabled
[    2.663053] ima: No TPM chip found, activating TPM-bypass!
[    2.663944] ima: Allocated hash algorithm: sha1
[    2.664651] evm: HMAC attrs: 0x1
[    2.665406]   Magic number: 14:255:587
[    2.666114] rtc_cmos rtc_cmos: setting system clock to 2018-08-23 14:35:20 UTC (1535034920)
[    2.674046] BIOS EDD facility v0.16 2004-Jun-25, 0 devices found
[    2.674876] EDD information not available.
[    2.839362] isapnp: No Plug & Play device found
[    2.854588] Freeing unused kernel memory: 952K
[    2.880350] Write protecting the kernel text: 8040k
[    2.881176] Write protecting the kernel read-only data: 3184k
[    3.943567] NX-protecting the kernel data: 6296k
[    3.952220] tsc: Refined TSC clocksource calibration: 3503.654 MHz
[    3.954605] clocksource: tsc: mask: 0xffffffffffffffff max_cycles: 0x3280cc9878d, max_idle_ns: 440795203989 ns
Loading, please wait...
starting version[    4.039276] random: systemd-udevd: uninitialized urandom read (16 bytes read, 0 bits of entropy available)
 229
[    4.039878] random: udevadm: uninitialized urandom read (16 bytes read, 0 bits of entropy available)
[    4.048703] random: udevadm: uninitialized urandom read (16 bytes read, 0 bits of entropy available)
[    4.048744] random: udevadm: uninitialized urandom read (16 bytes read, 0 bits of entropy available)
[    4.048863] random: udevadm: uninitialized urandom read (16 bytes read, 0 bits of entropy available)
[    4.048909] random: udevadm: uninitialized urandom read (16 bytes read, 0 bits of entropy available)
[    4.048952] random: udevadm: uninitialized urandom read (16 bytes read, 0 bits of entropy available)
[    4.049000] random: udevadm: uninitialized urandom read (16 bytes read, 0 bits of entropy available)
[    4.049122] random: udevadm: uninitialized urandom read (16 bytes read, 0 bits of entropy available)
[    4.049170] random: udevadm: uninitialized urandom read (16 bytes read, 0 bits of entropy available)
[    4.273262] Fusion MPT base driver 3.04.20
[    4.275521] Copyright (c) 1999-2008 LSI Corporation
[    4.278143] e1000: Intel(R) PRO/1000 Network Driver - version 7.3.21-k8-NAPI
[    4.279166] e1000: Copyright (c) 1999-2006 Intel Corporation.
[    4.311624] Fusion MPT SPI Host driver 3.04.20
[    4.515524] input: ImExPS/2 Generic Explorer Mouse as /devices/platform/i8042/serio1/input/input4
[    4.642802] e1000 0000:00:03.0 eth0: (PCI:33MHz:32-bit) 02:f7:36:a5:6c:9a
[    4.643950] e1000 0000:00:03.0 eth0: Intel(R) PRO/1000 Network Connection
[    4.646044] mptbase: ioc0: Initiating bringup
[    4.646137] e1000 0000:00:03.0 enp0s3: renamed from eth0
[    5.032201] ioc0: LSI53C1030 A0: Capabilities={Initiator}
[    5.980163] scsi host2: ioc0: LSI53C1030 A0, FwRev=00000000h, Ports=1, MaxQ=256, IRQ=20
[    6.361363] scsi 2:0:0:0: Direct-Access     VBOX     HARDDISK         1.0  PQ: 0 ANSI: 5
[    6.378735] scsi target2:0:0: Beginning Domain Validation
[    6.388530] scsi target2:0:0: Domain Validation skipping write tests
[    6.391370] scsi target2:0:0: Ending Domain Validation
[    6.413577] scsi target2:0:0: asynchronous
[    6.415488] scsi 2:0:1:0: Direct-Access     VBOX     HARDDISK         1.0  PQ: 0 ANSI: 5
[    6.417412] scsi target2:0:1: Beginning Domain Validation
[    6.421651] scsi target2:0:1: Domain Validation skipping write tests
[    6.429446] scsi target2:0:1: Ending Domain Validation
[    6.430965] scsi target2:0:1: asynchronous
[    6.537931] sd 2:0:0:0: Attached scsi generic sg0 type 0
[    6.539167] sd 2:0:0:0: [sda] 20971520 512-byte logical blocks: (10.7 GB/10.0 GiB)
[    6.539467] sd 2:0:1:0: [sdb] 20480 512-byte logical blocks: (10.5 MB/10.0 MiB)
[    6.539573] sd 2:0:1:0: [sdb] Write Protect is off
[    6.539641] sd 2:0:1:0: [sdb] Incomplete mode parameter data
[    6.539642] sd 2:0:1:0: [sdb] Assuming drive cache: write through
[    6.545253] sd 2:0:1:0: Attached scsi generic sg1 type 0
[    6.560457] sd 2:0:1:0: [sdb] Attached SCSI disk
[    6.667225] sd 2:0:0:0: [sda] Write Protect is off
[    6.673905] sd 2:0:0:0: [sda] Incomplete mode parameter data
[    6.738954] sd 2:0:0:0: [sda] Assuming drive cache: write through
[    6.769877]  sda: sda1
[    6.786805] sd 2:0:0:0: [sda] Attached SCSI disk
Begin: Loading e[    8.112808] md: linear personality registered for level -1
ssential drivers ... [    8.160544] md: multipath personality registered for level -4
[    8.164840] md: raid0 personality registered for level 0
[    8.169583] md: raid1 personality registered for level 1
[    8.241365] raid6: mmxx1    gen()  6333 MB/s
[    8.325303] raid6: mmxx2    gen()  6917 MB/s
[    8.441467] raid6: sse1x1   gen()  5562 MB/s
[    8.517128] raid6: sse1x2   gen()  7011 MB/s
[    8.601513] raid6: sse2x1   gen() 12551 MB/s
[    8.717285] raid6: sse2x1   xor()  8944 MB/s
[    8.785572] raid6: sse2x2   gen() 15137 MB/s
[    8.853318] raid6: sse2x2   xor() 10045 MB/s
[    8.914867] raid6: using algorithm sse2x2 gen() 15137 MB/s
[    8.922154] raid6: .... xor() 10045 MB/s, rmw enabled
[    8.922991] raid6: using ssse3x1 recovery algorithm
[    8.926440] xor: measuring software checksum speed
[    8.965127]    pIII_sse  : 18102.000 MB/sec
[    9.013032]    prefetch64-sse: 17904.000 MB/sec
[    9.035700] xor: using function: pIII_sse (18102.000 MB/sec)
[    9.056799] async_tx: api initialized (async)
[    9.104738] md: raid6 personality registered for level 6
[    9.132321] md: raid5 personality registered for level 5
[    9.172496] md: raid4 personality registered for level 4
[    9.212230] md: raid10 personality registered for level 10
done.
Begin: Running /scripts/init-premount ... done.
Begin: Mounting root file system ... Begin: Running /scripts/local-top ... done.
Begin: Running /scripts/local-premount ... [    9.244854] Btrfs loaded
Scanning for Btrfs filesystems
done.
Warning: fsck no[    9.273313] EXT4-fs (sda1): INFO: recovery required on readonly filesystem
t present, so sk[    9.315830] EXT4-fs (sda1): write access will be enabled during recovery
ipping root file system
[    9.780334] EXT4-fs (sda1): orphan cleanup on readonly fs
[    9.804831] EXT4-fs (sda1): 5 orphan inodes deleted
[    9.813074] EXT4-fs (sda1): recovery complete
[    9.846102] random: nonblocking pool is initialized
[    9.890499] EXT4-fs (sda1): mounted filesystem with ordered data mode. Opts: (null)
done.
Begin: Running /scripts/local-bottom ... done.
Begin: Running /scripts/init-bottom ... done.
[   10.087217] systemd[1]: systemd 229 running in system mode. (+PAM +AUDIT +SELINUX +IMA +APPARMOR +SMACK +SYSVINIT +UTMP +LIBCRYPTSETUP +GCRYPT +GNUTLS +ACL +XZ -LZ4 +SECCOMP +BLKID +ELFUTILS +KMOD -IDN)
[   10.107695] systemd[1]: Detected virtualization oracle.
[   10.110077] systemd[1]: Detected architecture x86.

Welcome to [1mUbuntu 16.04.5 LTS[0m!

[   10.130179] systemd[1]: Set hostname to <ubuntu-xenial>.
[   10.443467] systemd[1]: Listening on udev Control Socket.
[[0;32m  OK  [0m] Listening on udev Control Socket.
[   10.567597] systemd[1]: Reached target Swap.
[[0;32m  OK  [0m] Reached target Swap.
[   10.646443] systemd[1]: Listening on LVM2 poll daemon socket.
[[0;32m  OK  [0m] Listening on LVM2 poll daemon socket.
[   10.686547] systemd[1]: Started Trigger resolvconf update for networkd DNS.
[[0;32m  OK  [0m] Started Trigger resolvconf update for networkd DNS.
[   10.744410] systemd[1]: Listening on Device-mapper event daemon FIFOs.
[[0;32m  OK  [0m] Listening on Device-mapper event daemon FIFOs.
[   10.777594] systemd[1]: Reached target User and Group Name Lookups.
[[0;32m  OK  [0m] Reached target User and Group Name Lookups.
[   10.834445] systemd[1]: Set up automount Arbitrary Executable File Formats File System Automount Point.
[[0;32m  OK  [0m] Set up automount Arbitrary Executab...ats File System Automount Point.
[   10.853090] systemd[1]: Created slice System Slice.
[[0;32m  OK  [0m] Created slice System Slice.
[   10.913864] systemd[1]: Listening on Journal Socket.
[[0;32m  OK  [0m] Listening on Journal Socket.
[   10.981321] systemd[1]: Starting Uncomplicated firewall...
         Starting Uncomplicated firewall...
[   11.003382] systemd[1]: Mounting Debug File System...
         Mounting Debug File System...
[   11.026532] systemd[1]: Mounting POSIX Message Queue File System...
         Mounting POSIX Message Queue File System...
[   11.031439] systemd[1]: Started Forward Password Requests to Wall Directory Watch.
[[0;32m  OK  [0m] Started Forward Password Requests to Wall Directory Watch.
[   11.035213] systemd[1]: Created slice User and Session Slice.
[[0;32m  OK  [0m] Created slice User and Session Slice.
[   11.037514] systemd[1]: Listening on udev Kernel Socket.
[[0;32m  OK  [0m] Listening on udev Kernel Socket.
[   11.085721] systemd[1]: Starting Create list of required static device nodes for the current kernel...
         Starting Create list of required st... nodes for the current kernel...
[   11.090802] systemd[1]: Listening on LVM2 metadata daemon socket.
[[0;32m  OK  [0m] Listening on LVM2 metadata daemon socket.
[   11.120902] systemd[1]: Starting Monitoring of LVM2 mirrors, snapshots etc. using dmeventd or progress polling...
         Starting Monitoring of LVM2 mirrors... dmeventd or progress polling...
[   11.205738] systemd[1]: Starting Load Kernel Modules...
         Starting Load Kernel Modules...
[   11.236501] systemd[1]: Listening on /dev/initctl Compatibility Named Pipe.
[[0;32m  OK  [[   11.259648] Loading iSCSI transport class v2.0-870.
0m] Listening on /dev/initctl Compatibility Named Pipe.
[   11.289726] systemd[1]: Listening on Journal Audit Socket.
[   11.292172] iscsi: registered transport (tcp)
[[0;32m  OK  [0m] Listening on Journal Audit Socket.
[   11.317665] systemd[1]: Mounting Huge Pages File System...
         Mounting Huge Pages File System...
[   11.320702] systemd[1]: Listening on Journal Socket (/dev/log).
[[0;32m  OK  [0m] Listening on Journal Socket [   11.377385] iscsi: registered transport (iser)
(/dev/log).
[   11.437750] systemd[1]: Starting Remount Root and Kernel File Systems...
         Startin[   11.441872] EXT4-fs (sda1): re-mounted. Opts: (null)
g Remount Root and Kernel File Systems...
[   11.461512] systemd[1]: Created slice system-serial\x2dgetty.slice.
[[0;32m  OK  [0m] Created slice system-serial\x2dgetty.slice.
[   11.510365] systemd[1]: Reached target System Time Synchronized.
[[0;32m  OK  [0m] Reached target System Time Synchronized.
[  11.578395sysmd[1]: Listeing on Syslog Socket.

[[0;32m  OK  [0m] Listening on Syslog Socket.
[   11.793156] systemd[1]: Starting Nameserver information manager...
         Starting Nameserver information manager...
[   11.819171] systemd[1]: Starting Journal Service...
         Starting Journal Service...
[   11.824729] systemd[1]: Reached target Slices.
[[0;32m  OK  [0m] Reached target Slices.
[   11.832661] systemd[1]: Starting Set console keymap...
         Starting Set console keymap...
[   11.838421] systemd[1]: Reached target Encrypted Volumes.
[[0;32m  OK  [0m] Reached target Encrypted Volumes.
[   11.845684] systemd[1]: Mounted POSIX Message Queue File System.
[[0;32m  OK  [0m] Mounted POSIX Message Queue File System.
[   11.917538] systemd[1]: Mouned Huge Pages Fil Syste.
[[0;32m  OK  [0m] Mounted Huge Pages File System.
[   12.028214] systemd[1]: Mounted Debug File System.
[[0;32m  OK  [0m] Mounted Debug File System.
[   12.075630] systemd[1]: Started Journal Service.
[[0;32m  OK  [0m] Started Journal Service.
[[0;32m  OK  [0m] Started Uncomplicated firewall.
[[0;32m  OK  [0m] Started Create list of required sta...ce nodes for the current kernel.
[[0;32m  OK  [0m] Started Load Kernel Modules.
[[0;32m  OK  [0m] Started Remount Root and Kernel File Systems.
[[0;32m  OK  [0m] Started Set console keymap.
[[0;32m  OK  [0m] Started Nameserver information manager.
[[0;32m  OK  [0m] Started LVM2 metadata daemon.
         Starting udev Coldplug all Devices...
         Starting Load/Save Random Seed...
         Starting Apply Kernel Variables...
         Mounting FUSE Control File System...
         Starting Create Static Device Nodes in /dev...
         Starting Flush Journal to Persistent Storage...
[[0;32m  OK  [0m] Mounted FUSE Control File System.
[[0;32m  OK  [0m] Started Load/Save Random Seed.
[[0;32m  OK  [0m] Started Apply Kernel Variables.
[[0;32m  OK  [0m] Started Create Static Device Nodes in /dev.
[[0;32m  OK  [0m] Started udev Coldplug all Devices.
[[0;32m  OK  [0m] Started Flush Journal to Persistent Storage.
         Starting udev Kernel Device Manager...
[[0;32m  OK  [0m] Started udev Kernel Device Manager.
[[0;32m  OK  [0m] Started Dispatch Password Requests to Console Directory Watch.
[[0;32m  OK  [0m] Started Monitoring of LVM2 mirrors,...ng dmeventd or progress polling.
[[0;32m  OK  [0m] Reached target Local File Systems (Pre).
[[0;32m  OK  [0m] Reached target Local File Systems.
         Starting Initial cloud-init job (pre-networking)...
         Starting Tell Plymouth To Write Out Runtime Data...
         Starting Set console font and keymap...
         Starting Create Volatile Files and Directories...
         Starting LSB: AppArmor initialization...
[[0;32m  OK  [0m] Started Tell Plymouth To Write Out Runtime Data.
[[0;32m  OK  [0m] Started Create Volatile Files and Directories.
[[0;32m  OK  [0m] Found device /dev/ttyS0.
[[0;32m  OK  [0m] Listening on Load/Save RF Kill Switch Status /dev/rfkill Watch.
         Starting Update UTMP about System Boot/Shutdown...
[[0;32m  OK  [0m] Started Update UTMP about System Boot/Shutdown.
[[0;32m  OK  [0m] Found device 82540EM Gigabit Ethern...r (PRO/1000 MT Desktop Adapter).
[[0;32m  OK  [0m] Started LSB: AppArmor initialization.
[[0;32m  OK  [0m] Started Set console font and keymap.
[[0;32m  OK  [0m] Created slice system-getty.slice.
[   12.588965] cloud-init[479]: Cloud-init v. 18.3-9-g2e62cb8a-0ubuntu1~16.04.2 running 'init-local' at Thu, 23 Aug 2018 14:35:31 +0000. Up 12.31 seconds.
[[0;32m  OK  [0m] Started Initial cloud-init job (pre-networking).
[[0;32m  OK  [0m] Reached target Network (Pre).
[[0;32m  OK  [0m] Started ifup for enp0s3.
         Starting Raise network interfaces...
[[0;32m  OK  [0m] Started Raise network interfaces.
         Starting Initial cloud-init job (metadata service crawler)...
[[0;32m  OK  [0m] Reached target Network.
[   13.639393] cloud-init[947]: Cloud-init v. 18.3-9-g2e62cb8a-0ubuntu1~16.04.2 running 'init' at Thu, 23 Aug 2018 14:35:32 +0000. Up 13.31 seconds.
[   13.704309] cloud-init[947]: ci-info: ++++++++++++++++++++++++++++++++++++++Net device info++++++++++++++++++++++++++++++++++++++
[   13.704460] cloud-init[947]: ci-info: +--------+------+----------------------------+---------------+--------+-------------------+
[[0;32m  OK  [0m] Started Initial cloud-init job (metadata service crawler).
[   13.704610] cloud-init[947]: ci-info: | Device |  Up  |          Address           |      Mask     | Scope  |     Hw-Address    |
[   13.901640] cloud-init[947]: ci-info: +--------+------+----------------------------+---------------+--------+-------------------+
[   13.902658] cloud-init[947]: ci-info: | enp0s3 | True |         10.0.2.15          | 255.255.255.0 | global | 02:f7:36:a5:6c:9a |
[   13.903364] cloud-init[947]: ci-info: | enp0s3 | True | fe80::f7:36ff:fea5:6c9a/64 |       .       |  link  | 02:f7:36:a5:6c:9a |
[   13.905142] cloud-init[947]: ci-info: |   lo   | True |         127.0.0.1          |   255.0.0.0   |  host  |         .         |
[   13.905728] cloud-init[947]: ci-info: |   lo   | True |          ::1/128           |       .       |  host  |         .         |
[   13.906411] cloud-init[947]: ci-info: +--------+------+----------------------------+---------------+--------+-------------------+
[[0;32m  OK  [0m[   13.906990] ] cloud-initReached target Network is Online.[947]: 
ci-info: +++++++++++++++++++++++++++Route IPv4 info++++++++++++++++++++++++++++
[   13.907240] cloud-init[947]: ci-info: +-------+-------------+----------+---------------+-----------+-------+
[   14.115052] cloud-init[947]: ci-info: | Route | Destination | Gateway  |    Genmask    | Interface | Flags |
         Starting iSCSI initiator daemon (iscsid)...
[[0;32m  OK  [0m] Reached target Cloud-config availability.
[   14.142006] cloud-init[947]: ci-info: +-------+-------------+----------+---------------+-----------+-------+
[   14.164495] cloud-init[947]: ci-info: |   0   |   0.0.0.0   | 10.0.2.2 |    0.0.0.0    |   enp0s3  |   UG  |
[   14.164726] cloud-init[947]: ci-info: |   1   |   10.0.2.0  | 0.0.0.0  | 255.255.255.0 |   enp0s3  |   U   |
[   14.165249] cloud-init[947]: ci-info: +-------+-------------+----------+---------------+-----------+-------+
[   14.166082] cloud-init[947]: ci-info: +++++++++++++++++++Route IPv6 info+++++++++++++++++++
[   14.166229] cloud-init[947]: ci-info: +-------+-------------+---------+-----------+-------+
[   14.166365] cloud-init[947]: ci-info: | Route | Destination | Gateway | Interface | Flags |
[   14.166565] cloud-init[947]: ci-info: +-------+-------------+---------+-----------+-------+
[   14.166725] cloud-init[947]: ci-info: |   0   |  fe80::/64  |    ::   |   enp0s3  |   U   |
[   14.166862] cloud-init[947]: ci-info: |   3   |   ff00::/8  |    ::   |   enp0s3  |   U   |
[   14.166997] cloud-init[947]: ci-info: +-------+-------------+---------+-----------+-------+
[[0;32m  OK  [0m] Reached target System Initialization.
[[0;32m  OK  [0m] Listening on ACPID Listen Socket.
[[0;32m  OK  [0m] Listening on UUID daemon activation socket.
         Starting LXD - unix socket.
[[0;32m  OK  [0m] Started Daily Cleanup of Temporary Directories.
[[0;32m  OK  [0m] Listening on D-Bus System Message Bus Socket.
         Starting Socket activation for snappy daemon.
[[0;32m  OK  [0m] Started ACPI Events Check.
[[0;32m  OK  [0m] Reached target Paths.
[[0;32m  OK  [0m] Started Daily apt download activities.
[[0;32m  OK  [0m] Started Daily apt upgrade and clean activities.
[[0;32m  OK  [0m] Reached target Timers.
[[0;32m  OK  [0m] Listening on LXD - unix socket.
[[0;32m  OK  [0m] Listening on Socket activation for snappy daemon.
[[0;32m  OK  [0m] Started iSCSI initiator daemon (iscsid).
         Starting Login to default iSCSI targets...
[[0;32m  OK  [0m] Reached target Sockets.
[[0;32m  OK  [0m] Reached target Basic System.
         Starting LSB: Record successful boot for GRUB...
         Starting /etc/rc.local Compatibility...
[[0;32m  OK  [0m] Started D-Bus System Message Bus.
[[0;32m  OK  [0m] Started ACPI event daemon.
[[0;32m  OK  [0m] Started Deferred execution scheduler.
         Starting Login Service...
         Starting Snappy daemon...
         Starting MySQL Community Server...
         Starting Accounts Service...
         Starting OpenBSD Secure Shell server...
[[0;32m  OK  [0m] Started FUSE filesystem for LXC.
         Starting System Logging Service...
         Starting Virtualbox guest utils...
[[0;32m  OK  [0m] Started Unattended Upgrades Shutdown.
         Starting LSB: MD monitoring daemon...
[[0;32m  OK  [0m] Started Regular background program processing daemon.
         Starting LXD - container startup/shutdown...
[[0;32m  OK  [0m] Started /etc/rc.local Compatibility.
[[0;32m  OK  [0m] Started System Logging Service.
[[0;32m  OK  [0m] Started LSB: Record successful boot for GRUB.
[[0;32m  OK  [0m] Started Login to default iSCSI targets.
[[0;32m  OK  [0m] Started OpenBSD Secure Shell server.
[[0;32m  OK  [0m] Started Login Service.
         Starting Authenticate and Authorize Users to Run Privileged Tasks...
[[0;32m  OK  [0m] Reached target Remote File Systems (Pre).
[[0;32m  OK  [0m] Reached target Remote File Systems.
         Starting Permit User Sessions...
         Starting LSB: automatic crash report generation...
         Starting LSB: daemon to balance interrupts for SMP systems...
         Starting LSB: Set the CPU Frequency Scaling governor to "ondemand"...
[[0;32m  OK  [0m] Started LSB: MD monitoring daemon.
[[0;32m  OK  [0m] Started Permit User Sessions.
[[0;32m  OK  [0m] Started Authenticate and Authorize Users to Run Privileged Tasks.
[[0;32m  OK  [0m] Started Accounts Service.
[[0;32m  OK  [0m] Started Snappy daemon.
[[0;32m  OK  [0m] Started Virtualbox guest utils.
         Starting Wait until snapd is fully seeded...
         Starting Terminate Plymouth Boot Screen...
         Starting Hold until boot process finishes up...
[[0;32m  OK  [0m] Started LXD - container startup/shutdown.
[[0;32m  OK  [0m] Started LSB: automatic crash report generation.
[[0;32m  OK  [0m] Started LSB: daemon to balance interrupts for SMP systems.
[[0;32m  OK  [0m] Started LSB: Set the CPU Frequency Scaling governor to "ondemand".
[[0;32m  OK  [0m] Started Wait until snapd is fully seeded.
[[0;32m  OK  [0m] Started Terminate Plymouth Boot Screen.
[[0;32m  OK  [0m] Started Hold until boot process finishes up.
[[0;32m  OK  [0m] Started Getty on tty1.
         Starting Set console scheme...
[[0;32m  OK  [0m] Started Serial Getty on ttyS0.
[[0;32m  OK  [0m] Reached target Login Prompts.
         Starting Apply the settings specified in cloud-config...
[[0;32m  OK  [0m] Started Set console scheme.
[   16.251380] cloud-init[1199]: Cloud-init v. 18.3-9-g2e62cb8a-0ubuntu1~16.04.2 running 'modules:config' at Thu, 23 Aug 2018 14:35:34 +0000. Up 15.97 seconds.
[[0;32m  OK  [0m] Started Apply the settings specified in cloud-config.
[[0;32m  OK  [0m] Started MySQL Community Server.
[[0;32m  OK  [0m] Reached target Multi-User System.
         Starting Execute cloud user/final scripts...
[[0;32m  OK  [0m] Reached target Graphical Interface.
         Starting Update UTMP about System Runlevel Changes...
[[0;32m  OK  [0m] Started Update UTMP about System Runlevel Changes.
[   17.702664] cloud-init[1242]: Cloud-init v. 18.3-9-g2e62cb8a-0ubuntu1~16.04.2 running 'modules:final' at Thu, 23 Aug 2018 14:35:36 +0000. Up 17.57 seconds.
[   17.705691] cloud-init[1242]: Cloud-init v. 18.3-9-g2e62cb8a-0ubuntu1~16.04.2 finished at Thu, 23 Aug 2018 14:35:36 +0000. Datasource DataSourceNoCloud [seed=/dev/sdb][dsmode=net].  Up 17.69 seconds
[[0;32m  OK  [0m] Started Execute cloud user/final scripts.
         Starting Daily apt download activities...
[[0;32m  OK  [0m] Reached target Cloud-init target.
[[0;32m  OK  [0m] Created slice User Slice of vagrant.
         Starting User Manager for UID 1000...
[[0;32m  OK  [0m] Started Session 1 of user vagrant.
[[0;32m  OK  [0m] Started User Manager for UID 1000.

Ubuntu 16.04.5 LTS ubuntu-xenial ttyS0

ubuntu-xenial login: 